  Identification des projets ├á restaurer...
  Tous les projets sont ├á jour pour la restauration.
C:\recouvrement_client\backend\controllers\ClientListController.cs(51,85): error CS1061: 'Agence' ne contient pas de d├®finition pour 'Nom' et aucune m├®thode d'extension accessible 'Nom' acceptant un premier argument de type 'Agence' n'a ├®t├® trouv├®e (une directive using ou une r├®f├®rence d'assembly est-elle manquante┬á?) [C:\recouvrement_client\backend\RecouvrementAPI.csproj]
C:\recouvrement_client\backend\controllers\ClientListController.cs(69,42): error CS1061: 'Agence' ne contient pas de d├®finition pour 'Nom' et aucune m├®thode d'extension accessible 'Nom' acceptant un premier argument de type 'Agence' n'a ├®t├® trouv├®e (une directive using ou une r├®f├®rence d'assembly est-elle manquante┬á?) [C:\recouvrement_client\backend\RecouvrementAPI.csproj]

├ëCHEC de la build.

C:\recouvrement_client\backend\controllers\ClientListController.cs(51,85): error CS1061: 'Agence' ne contient pas de d├®finition pour 'Nom' et aucune m├®thode d'extension accessible 'Nom' acceptant un premier argument de type 'Agence' n'a ├®t├® trouv├®e (une directive using ou une r├®f├®rence d'assembly est-elle manquante┬á?) [C:\recouvrement_client\backend\RecouvrementAPI.csproj]
C:\recouvrement_client\backend\controllers\ClientListController.cs(69,42): error CS1061: 'Agence' ne contient pas de d├®finition pour 'Nom' et aucune m├®thode d'extension accessible 'Nom' acceptant un premier argument de type 'Agence' n'a ├®t├® trouv├®e (une directive using ou une r├®f├®rence d'assembly est-elle manquante┬á?) [C:\recouvrement_client\backend\RecouvrementAPI.csproj]
    0 Avertissement(s)
    2 Erreur(s)

Temps ├®coul├® 00:00:02.30
