  Identification des projets ├á restaurer...
  Tous les projets sont ├á jour pour la restauration.
C:\recouvrement_client\backend\controllers\AuthController.cs(278,28): error CS0246: Le nom de type ou d'espace de noms 'RefreshToken' est introuvable (vous manque-t-il une directive using ou une r├®f├®rence d'assembly┬á?) [C:\recouvrement_client\backend\RecouvrementAPI.csproj]

├ëCHEC de la build.

C:\recouvrement_client\backend\controllers\AuthController.cs(278,28): error CS0246: Le nom de type ou d'espace de noms 'RefreshToken' est introuvable (vous manque-t-il une directive using ou une r├®f├®rence d'assembly┬á?) [C:\recouvrement_client\backend\RecouvrementAPI.csproj]
    0 Avertissement(s)
    1 Erreur(s)

Temps ├®coul├® 00:00:01.28
